// Jest Snapshot v1, https://goo.gl/fbAQLP

exports[`Testing GifGridItem component Should show component 1`] = `
<div
  className="card animate__animated  animate__fadeIn"
>
  <img
    alt="Alonso"
    src="https://www.google.es"
  />
  <h4>
    Alonso
  </h4>
</div>
`;
