// Jest Snapshot v1, https://goo.gl/fbAQLP

exports[`Testing GifGrid component it should renders properly 1`] = `
<Fragment>
  <h3>
    test
  </h3>
  <Component />
  <div
    className="card-grid "
  />
</Fragment>
`;
